// Vitest Snapshot v1, https://vitest.dev/guide/snapshot.html

exports[`SandSelection > matches the default snapshot 1`] = `
<div
  aria-label="Selection"
  class="_sand-choice-group_441844"
  role="group"
>
  <div>
    Selection
  </div>
  <div>
    <label
      class="_sand-choice-row_441844"
      for="_r_6_"
    >
      <input
        class="_sand-choice-input_441844"
        id="_r_6_"
        type="checkbox"
      />
      <span
        aria-hidden="true"
        class="_sand-choice-control_441844 _sand-checkbox_441844"
      >
        <span
          class="_sand-checkbox-icon_441844 material-symbols-rounded"
        >
          check
        </span>
      </span>
      <span
        class="_sand-choice-content_441844"
      >
        <span
          class="_sand-choice-label_441844"
        >
          Email alerts
        </span>
      </span>
    </label>
  </div>
</div>
`;
